--  Pooh-Man - Niggas Ain't Playin'
OK  UGK - Pocket Full of Stones
OK  Kokane - All Bark No Bite
--  Master P - Dead Presidents
--  Raekwon - Striving for Perfection
--  TRU - That's How We Break Bread
--  Pimp Daddy - Pimp'n Ain't E-Z
--  Hot Boys - Get it How U Live!!
--  TRU - Swamp Nigga
OK  The Notorious B.I.G. - Niggas Bleed
--  504 Boyz - Moving Things
OK  JAY-Z - U Don't Know
OK  50 Cent - Too Hot
--  Fabolous - Young'n
--  Boosie Badazz & Webbie - Hustlin'
--  Gucci Mane - Hustle
OK  D4L - I'm Da Man
--  Jeezy - Mr. 17.5
--  Jeezy - J.E.E.Z.Y.
--  Rick Ross - Hustlin'
--  Pimp C - True Stories
--  Andre Nickatina - 7 Letters Coked Out (Intro)
--  DJ Khaled - I'm So Hood (Remix)
OK  Jeezy - 24 - 23
--  Gucci Mane - Feel Like Cookin'
--  Gucci Mane - In the Trap
--  2 Pistols - Gettin' Money Mane
OK  JAY-Z - Empire State of Mind
OK  Kendrick Lamar - Best Rapper Under 25
--  Ab-Soul - Introduction
--  French Montana - Bricks & Walls
--  Gucci Mane - Time To Eat
--  Lil' Flip & Gudda Gudda - I Keep It Street All Day
--  Raekwon - Ill Figures
--  Jeezy - Done It
OK  Gucci Mane - Swing My Door
--  Jeezy - Whippin All of Dat
OK  Meek Mill - Bricks
--  Roc Marciano - Whateva Whateva
--  D. King (rapper) - Supposed to Be
--  Future - We On Top
--  Money Gang - Work
--  Meek Mill - Dreams and Nightmares (Intro)
OK  Jeezy - The Motto (Remix)
OK  Gunplay - Bible on the Dash
--  Yo Gotti - Ain't No Turning Around
--  Fredo Santana - Up Them Poles
--  Alpoko Don Aka Don Dada - Married to the Game
--  Pusha T - Millions
OK  Boldy James - For the Birds
--  Casino - Communication
--  Doe B - 30 Piece
--  Doe B - Don't Want It
--  E-40 - Tree in the Load
--  Meek Mill - I'm Leanin'
--  Tracy T - 16
--  Waka Flocka Flame - Fast Forward
--  Waka Flocka Flame - Murda She Wrote
--  Wale - Bricks
--  SBOE - Money Cars Clothes
--  Joey Fatts - PushaMan
--  O.T. Genasis - Funk Flex Freestyle
--  Dave East - In Some Shit (Part 1)
--  E-40 - Same Since '88
OK  KXNG Crooked - Fallen Rap Gods
--  TREY CHOPS - Stickers
OK  SpaceGhostPurrp & Dough2x - MunnieTrain7264
--  Gucci Mane - Still Selling Dope
--  French Montana & Chris Brown - Antidote (Remix)
--  Jadakiss - Critical
--  Rick Ross - Neighborhood Drug Dealer (Remix)
--  Killer Mike - Saks Fifth
--  Westside Gunn - Summerslam 88
--  Yo Gotti - Mitch
--  K.I.D GuacamoleGodd - 100 Clip
OK  Baby E - Bando
OK  Migos - T-Shirt
--  Future - Scrape
--  Philthy Rich - Another One
--  Hoodrich Pablo Juan - Servin & Swervin
--  Loso Loaded - Shot Callin
--  SprngBrk - Tuh
--  Juicy J - One Of Them
--  Young Scooter - No Features
--  Deniro Farrar - Key To The Door
--  Freddie Gibbs & Madlib - Fake Names
--  LOM Rudy - Fuck Rap
--  Leeky Bandz - Picasso
--  OJ da Juiceman - Bricks & Pots
--  Peso Peso - Da Bottom
--  Stack Bundles - Stand Up
--  Westside Gunn - Never Give Up
--  Cookie Money - No Forfeit
OK  Westside Gunn - Allah Sent Me
--  EST Gee - Members Only
--  EST Gee - Get Money
OK  Haftbefehl & Gucci Mane - Ice
--  ILL BILL - WATCH THE CITY BURN
--  Nuk & Rio Da Yung OG - Opioid
OK  Yo Gotti - Stay Ur Distance
--  38 Spesh - Home Game
--  GrindHard E - Against The Wall
--  Fate Gryndhouse - Don't Run Off On The Plug
--  Icewear Vezzo - 5 Mill
--  Rick Ross - Little Havana
--  Westside Gunn - Peri Peri
--  3MFrench - Lizzie McGuire
--  Call Me Schosa - Schotivation
--  Peezy - I'm Good, Pt. 6
--  Fredo - I Miss
--  ArrDee - Plugged In Freestyle
--  Country Dons - Daily Duppy
--  ACE (UK Drill) & Kwengface - Slowly
--  Yo Gotti, 42 Dugg & EST Gee - Cold Gangsta
--  Drego & Beno - Slatt Season 5
--  Real Boston Richey - Dawggy
--  Knowledge The Pirate & Big Ghost Ltd - Sweetwater
--  3MFrench - Gaza
--  Lil Jairmy - SRT
--  M Huncho - where you been?
--  Conway the Machine & Wun Two - Bianca
--  Fatt Macc - Box God
--  YOUNG JR - On Babies
--  Young Shiners & EST DonWon - One of One
--  Why G, Bundog & Money Musik - Expendables
--  Dimiko - Leave The Door Open
--  YN Jay - US 23
--  Meekz - Manny
--  Morrisson - Daily Duppy (2024)
--  Aystar - Hands On
--  Wiz Khalifa - Dress Like This
--  Hackle & Buckshot (IRL) - AIN'T WORTH IT
--  Tyno Got It - Uncle Drive
--  Westside Gunn & DJ Drama - Duran Duran
--  Řezník & Non Phixion - Groupie
--  BloodHound Q50 - King Draco
--  AgnsBill - Trap Fame
--  Young Nudy - SNAKE
--  Slim (UK) - 24
--  Street Certified & ShredGang - Back To Back
--  bdifferent & Hotboii - LMDS
--  Why G - Where Ya Mans?
--  Silkk the Shocker - I Ain't Takin No Shorts
--  La The Darkman - Gun Rule
--  AZ - The Truth
--  Wiley - Taliban
--  Jeezy - Porsche Music
--  Gucci Mane - Put on a Show
--  Webbo - Young Nigga Ballin
OK  Lantana - All Hustle, No Luck (Remix)
--  D. Chamberz - On My 1, 2
--  Deniro Farrar - So Long
--  Westside Gunn & Conway the Machine - Pray for Buffalo
--  Jimmy Wopo - Prime Time
--  Westside Gunn - Free Chapo
--  Baby Ahk - Marathon
--  No Plug - Groceries
--  Westside Gunn - Ric Martel
--  sKitz Kraven - Propaganda
--  Wanski - 5.Am
--  Slim (UK) - Picture This
--  42 Dugg - Ride With Me
--  Burna Bandz - Let The Racks Speak
--  Jeezy - Back
--  K-Trap - Probably
OK  Lil Wayne - I Don't Sleep
--  Ronin Gray - GET DOWN
--  SupaWassi - Gucci
--  BandGang Lonnie Bands & Cypress Moreno - Where Is Marshall
OK  Pop Smoke - Tell the Vision
--  Struggle Mike & Smoke Bulga - John Gotti
--  Tee Grizzley - White Dior Tee
--  42 Dugg, Coi Leray & CMG The Label - Hold Me Down
--  Al-Doms & Pusha T - HAHA
--  Blac Youngsta - Money
OK  Kenzo Str8Drop - Trap Flow
--  Tye Henney - PM
--  Boldy James & ChanHays - Trust Issues
--  Poody Gordy, Babyface Ray, Drego & Beno & ShredGang Mone - Break a Bitch
--  Boldy James & V Don - Bobert Horry
--  Conway the Machine & DJ Whoo Kid - TV OFF
--  Nickoe - The Peoples Choice
OK  Three 6 Mafia - Sippin' on Some Syrup
OK  G-Unit - Stunt 101
OK  Bun B - Get Throwed
OK  Clipse - Wamp Wamp (What It Do)
OK  OJ da Juiceman - Kop a Chicken
OK  Gucci Mane - Bricks
OK  Jeezy - Ill'in
OK  Rick Ross - So Sophisticated
OK  Ace Hood - Bugatti
OK  Payroll Giovanni - Pure White
OK  Gucci Mane - Jugg Finesse
OK  Rick Ross - War Ready
OK  Yo Gotti - Rihanna
OK  Griselda - Chef Dred's
OK  Conway the Machine - Mutty
DONE
