42 Money Gang | ? | None
66 TREY CHOPS | TREY CHOPS is back and better than ever after a 5-year hiatus, and he’s ready to release the music you’ve all been waiti | None
76 Baby E | Ethan Lowery, a Rapper and record producer signed to Young Money, closely affiliated with Lil Wayne. | ibabye
103 Fate Gryndhouse | ? | None
107 3MFrench | 3MFrench A.K.A French (born April 18, 1996) is an artist from the area of Chester Le in Toronto’s east end. Located nort | 3mfrench
108 Call Me Schosa | American Rapper, Songwriter, and Performer from Beaver Falls, Pennsylvania. | 
118 3MFrench | 3MFrench A.K.A French (born April 18, 1996) is an artist from the area of Chester Le in Toronto’s east end. Located nort | 3mfrench
122 Fatt Macc | ? | fattmacc448
123 YOUNG JR | ? | youngjr
124 Young Shiners & EST DonWon | Young Shiners is the label of EST Gee and service company Sony Music Entertainment in Santa Anna. The team includes seve | None
126 Dimiko | ? | dimikoo_
132 Hackle & Buckshot (IRL) | Hackle (born October 14, 2000), also known as Hackledown, is an American recording artist hailing from San Jose, Califor | hackledown
133 Tyno Got It | ? | None
137 AgnsBill | ? | noigagns
140 Street Certified & ShredGang | ? | None
150 Lantana | ? | None
156 Baby Ahk | Baby Ahk was a young rapper out of Prince George County, Maryland who was closely affiliated with other upcoming talents | _babyahkddb
159 sKitz Kraven | sKitz Kraven is an American rapper, singer, and songwriter from Sun Prairie, Wisconsin currently living in Los Angeles,  | skitzkraven
167 Ronin Gray | Ronin Gray is an artist from the city of Los Angeles. | None
168 SupaWassi | Supawassi is an upcoming artist from Northside Jane-Finch. He has made songs with fellow Driftwood artists like Why-G, J | supawlatt
176 Kenzo Str8Drop | Kenzo (Real name Marco McKenzie) is a rapper from Manchester, England. | kenzostr8drop
177 Tye Henney | ? | tyehenney
182 Nickoe | ? | None
done
