genius: 199 songs, 167 to fetch
  1/167 173179 Gorilla Zoe (Ft. Block) - Money Man
  2/167 175131 Joey Fatts (Ft. 100s & F1 (USA)) - PushaMan
  3/167 1771 JAŸ-Z - U Don’t Know
  4/167 177576 Wale (Ft. Lyfe Jennings & Yo Gotti) - Bricks
  5/167 1792051 E-40 (Ft. Choose Up Cheese & Cousin Fik) - Tree in the Load
  6/167 1872473 E-40 (Ft. B-Legit & Too $hort) - Same Since ’88
  7/167 1877527 Gucci Mane (Ft. Fetty Wap) - Still Selling Dope
  8/167 1923 Jeezy - 24 - 23
  9/167 19565 Fabolous (Ft. Pharrell Williams) - Young’n
  10/167 2154057 Rick Ross (Ft. Future) - Neighborhood Drug Dealer (Remix)
  11/167 2156427 Yo Gotti (Ft. Young Thug) - Rihanna
  12/167 21956 Gucci Mane - Hustle
  13/167 2269955 Future (Ft. Young Scooter) - We On Top
  14/167 22745 Hot Boys - Get it How U Live!!
  15/167 228995 Meek Mill (Ft. Birdman, Diddy & Travis Scott) - I’m Leanin’
  16/167 2320127 French Montana & Chris Brown - Antidote (Remix)
  17/167 2347513 Jadakiss (Ft. Jeezy) - Critical
  18/167 241322 Lantana (Ft. Bun B, Pusha T & Yo Gotti) - All Hustle, No Luck (Remix)
  19/167 2421854 Deniro Farrar - So Long
  20/167 2438112 Alpoko Don Aka Don Dada - Married to the Game
  21/167 2441246 Westside Gunn (Ft. Conway the Machine) - Free Chapo
  22/167 2442311 Westside Gunn & Conway the Machine - Pray for Buffalo
  23/167 2481208 Pimp C - True Stories
  24/167 254761 Payroll Giovanni (Ft. Big K.R.I.T., Jeezy & Pusha T) - Pure White
  25/167 2605 Three 6 Mafia (Ft. Project Pat & UGK) - Sippin’ on Some Syrup
  26/167 26645 Kokane (Ft. Above the Law & Tha Alkaholiks) - All Bark No Bite
  27/167 27430 La The Darkman - Gun Rule
  28/167 2821866 Dave East - In Some Shit (Part 1)
  29/167 2825261 Gucci Mane - Feel Like Cookin’
  30/167 285996 Tracy T (Ft. Meek Mill) - 16
  31/167 2889996 Gucci Mane (Ft. Yo Gotti) - In the Trap
  32/167 2892829 Yo Gotti - Mitch
  33/167 2919184 Killer Mike - Saks Fifth
  34/167 2942286 Baby E (Ft. HoodyBaby & Lil Wayne) - Bando
  35/167 2948140 Migos - T-Shirt
  36/167 2949437 D. King (rapper) - Supposed to Be
  37/167 296 The Notorious B.I.G. - Niggas Bleed
  38/167 2960262 Hoodrich Pablo Juan (Ft. Playboi Carti) - Servin & Swervin
  39/167 2989271 Future - Scrape
  40/167 30587 Master P - Dead Presidents
  41/167 3088403 Juicy J - One Of Them
  42/167 3359074 Loso Loaded (Ft. Marlo & Young Scooter) - Shot Callin
  43/167 3461428 No Plug (Ft. Marlo) - Groceries
  44/167 3470684 SprngBrk (Ft. O.T. Genasis) - Tuh
  45/167 352087 Rick Ross (Ft. Jeezy & Tracy T) - War Ready
  46/167 3607904 Philthy Rich - Another One
  47/167 3638810 Doe B (Ft. T.I.) - Don’t Want It
  48/167 370023 Casino (Ft. Young Thug) - Communication
  49/167 37380 Pimp Daddy (Ft. B.G. & Big Tymers) - Pimp’n Ain’t E-Z
  50/167 3740532 Deniro Farrar - Key To The Door
  51/167 3746575 Westside Gunn (Ft. Roc Marciano) - Ric Martel
  52/167 37477 Pooh-Man - Niggas Ain’t Playin’
  53/167 376598 Doe B - 30 Piece
  54/167 3789869 Jimmy Wopo - Prime Time
  55/167 38411 Raekwon (Ft. Ghostface Killah) - Striving for Perfection
  56/167 3932815 Gucci Mane - Put on a Show
  57/167 4138144 Young Scooter (Ft. Kodak Black) - No Features
  58/167 423 Gucci Mane (Ft. Yo Gotti & Yung Ralph) - Bricks
  59/167 42381 Silkk the Shocker - I Ain’t Takin No Shorts
  60/167 4241414 Cookie Money (Ft. Elzie) - No Forfeit
  61/167 4296865 sKitz Kraven - Propaganda
  62/167 4396557 Slim (UK) - Picture This
  63/167 4431368 Wiley - Taliban
  64/167 4434708 Baby Ahk - Marathon
  65/167 4466622 Westside Gunn - Summerslam 88
  66/167 459124 Meek Mill - Bricks
  67/167 4623726 Stack Bundles - Stand Up
  68/167 4635 Jeezy - Done It
  69/167 46410 TRU (Ft. Master P) - Swamp Nigga
  70/167 46428 TRU (Ft. C-Bo, King George & Master P) - That’s How We Break Bread
  71/167 465 Jeezy (Ft. Clipse) - Ill’in
  72/167 4655066 Freddie Gibbs & Madlib - Fake Names
  73/167 4683346 Haftbefehl & Gucci Mane - Ice
  74/167 46886 UGK - Pocket Full of Stones
  75/167 4694928 Peso Peso - Da Bottom
  76/167 4733526 OJ da Juiceman - Bricks & Pots
  77/167 4770 G-Unit - Stunt 101
  78/167 47860 Raekwon (Ft. Kool G Rap & M.O.P.) - Ill Figures
  79/167 48379 Jeezy - J.E.E.Z.Y.
  80/167 4967 Gucci Mane - Swing My Door
  81/167 4973013 Westside Gunn (Ft. Boldy James & Jay Worthy) - Never Give Up
  82/167 5004333 Leeky Bandz (Ft. Gunna) - Picasso
  83/167 5005059 Griselda - Chef Dred’s
  84/167 5203159 Burna Bandz - Let The Racks Speak
  85/167 5218403 Lil Wayne (Ft. Takeoff) - I Don’t Sleep
  86/167 5391972 42 Dugg - Ride With Me
  87/167 5410416 Westside Gunn (Ft. Benny the Butcher & Conway the Machine) - Allah Sent Me
  88/167 5481652 Fate Gryndhouse - Don’t Run Off On The Plug
  89/167 5498070 SupaWassi - Gucci
  90/167 5581442 Wanski (Ft. Veeze) - 5.Am
  91/167 5682387 Ronin Gray - GET DOWN
  92/167 5819266 ILL BILL (Ft. Lord Goat & Sabac) - WATCH THE CITY BURN
  93/167 5885035 Nuk & Rio Da Yung OG - Opioid
  94/167 5904875 Yo Gotti - Stay Ur Distance
  95/167 593975 O.T. Genasis - Funk Flex Freestyle
  96/167 5940472 D. Chamberz (Ft. Fred the Godson) - On My 1, 2
  97/167 5948167 GrindHard E (Ft. Rio Da Yung OG) - Against The Wall
  98/167 6019377 Jeezy (Ft. Yo Gotti) - Back
  99/167 6097396 K-Trap (Ft. Blade Brown) - Probably
  100/167 6263868 38 Spesh - Home Game
  101/167 6285126 EST Gee (Ft. Yo Gotti) - Get Money
  102/167 6285130 EST Gee (Ft. 42 Dugg) - Members Only
  103/167 639713 French Montana - Bricks & Walls
  104/167 64090 Jeezy (Ft. Freddie Gibbs) - The Motto (Remix)
  105/167 6417451 Fredo - I Miss
  106/167 644212 KXNG Crooked - Fallen Rap Gods
  107/167 66747 Kendrick Lamar - Best Rapper Under 25
  108/167 6713020 ArrDee - [ArrDee] Plugged In Freestyle
  109/167 6731854 SpaceGhostPurrp & Dough2x - MunnieTrain7264
  110/167 6759022 TREY CHOPS - Stickers
  111/167 6773161 Tee Grizzley (Ft. AllStar Lee & Mu) - White Dior Tee
  112/167 6927 504 Boyz (Ft. Master P & Samm (Coloquinte)) - Moving Things
  113/167 6962658 Peezy - I’m Good, Pt. 6
  114/167 7003254 Pop Smoke (Ft. Kanye West & Pusha T) - Tell the Vision
  115/167 7042 50 Cent (Ft. Nas & Nature) - Too Hot
  116/167 7112212 Lil' Flip & Gudda Gudda - I Keep It Street All Day
  117/167 7143201 Westside Gunn (Ft. Rome Streetz) - Peri Peri
  118/167 7190129 Icewear Vezzo - 5 Mill
  119/167 7190156 Call Me Schosa - Schotivation
  120/167 72738 Ab-Soul - Introduction
  121/167 7277521 3MFrench (Ft. Pengz & Two-Two) - Lizzie McGuire
  122/167 7300790 ACE (UK Drill) & Kwengface - Slowly
  123/167 7356972 BandGang Lonnie Bands & Cypress Moreno - Where Is Marshall
  124/167 7452613 Rick Ross (Ft. The-Dream & Willie Falcon) - Little Havana
  125/167 74950 Rick Ross (Ft. Meek Mill) - So Sophisticated
  126/167 75 JAŸ-Z (Ft. Alicia Keys) - Empire State of Mind
  127/167 7505893 Country Dons (Ft. GRM Daily) - Daily Duppy
  128/167 75219 Gucci Mane (Ft. Project Pat) - Time To Eat
  129/167 7622766 LOM Rudy (Ft. Peezy) - Fuck Rap
  130/167 7662709 Yo Gotti, 42 Dugg & EST Gee - Cold Gangsta
  131/167 7889544 Blac Youngsta - Money
  132/167 794 Rick Ross - Hustlin’
  133/167 7986828 Gucci Mane - Truck Loaded
  134/167 80014 Boldy James - For the Birds
  135/167 8083772 Tye Henney - PM
  136/167 8088526 Al-Doms & Pusha T - HAHA
  137/167 811364 Jeezy - Porsche Music
  138/167 8191531 42 Dugg, Coi Leray & CMG The Label - Hold Me Down
  139/167 8194580 Knowledge The Pirate & Big Ghost Ltd - Sweetwater
  140/167 8269994 Drego & Beno - Slatt Season 5
  141/167 8273641 2 Pistols - Gettin’ Money Mane
  142/167 8300821 3MFrench (Ft. Pengz) - Gaza
  143/167 8314249 Real Boston Richey - Dawggy
  144/167 8368064 Lil Jairmy (Ft. EST Gee) - SRT
  145/167 8417468 K.I.D GuacamoleGodd (Ft. Lil Durk) - 100 Clip
  146/167 8496828 Money Gang (Ft. FBG Brick, FBG Dutchie & Reese G) - Work
  147/167 8624720 YOUNG JR (Ft. D-Lo) - On Babies
  148/167 87230 Gunplay - Bible on the Dash
  149/167 88787 Boosie Badazz & Webbie - Hustlin’
  150/167 8900077 Kenzo Str8Drop - Trap Flow
  151/167 8971388 Webbo (Ft. HNIC Pesh & Icewear Vezzo) - Young Nigga Ballin
  152/167 8993271 Struggle Mike & Black Soprano Family (Ft. Benny the Butcher, Heem B$F & Smoke Bulga) - John Gotti (Remix)
  153/167 9210347 Boldy James & ChanHays - Trust Issues
  154/167 9212197 Why G, Bundog & Money Musik (Ft. Dr. Bushman) - Expendables
  155/167 9316162 Jeezy - Whippin All of Dat
  156/167 9324906 Young Shiners & EST DonWon - One of One
  157/167 94014 Meek Mill - Dreams and Nightmares (Intro)
  158/167 9456781 M Huncho - where you been?
  159/167 94720 Roc Marciano - Whateva Whateva
  160/167 948 DJ Khaled (Ft. Big Boi, Birdman, Busta Rhymes, Fat Joe, Jeezy, Lil Wayne, Ludacris, Rick Ross & T-Pain) - I’m So Hood (Remix)
  161/167 9571935 Fatt Macc - Box God
  162/167 9671888 Conway the Machine & Wun Two - Bianca
  163/167 98153 Yo Gotti (Ft. Jadakiss) - Ain’t No Turning Around
  164/167 984 Jeezy - Mr. 17.5
  165/167 9961205 Conway the Machine & Stove God Cooks - Mutty
  166/167 9985132 Poody Gordy, Babyface Ray, Drego & Beno & ShredGang Mone - Break a Bitch
  167/167 9997459 Wiz Khalifa (Ft. BACKWOOD BRAT & Hardo) - Dress Like This
  1 Pooh-Man                     photo=Y art=Y
  2 Pimp C                       photo=Y art=Y
  3 Kokane                       photo=Y art=Y
  4 Master P                     photo=Y art=Y
  5 Raekwon                      photo=Y art=Y
  6 TRU                          photo=Y art=Y
  7 Pimp Daddy                   photo=Y art=Y
  8 Hot Boys                     photo=Y art=Y
  9 Master P                     photo=Y art=Y
 10 The Notorious B.I.G.         photo=Y art=Y
 11 504 Boyz                     photo=Y art=Y
 12 JAY-Z                        photo=Y art=Y
 13 50 Cent                      photo=Y art=Y
 14 Fabolous                     photo=Y art=Y
 15 Boosie Badazz                photo=Y art=Y
 16 Gucci Mane                   photo=Y art=Y
 17 D4L                          photo=Y art=Y
 18 Jeezy                        photo=Y art=Y
 19 Jeezy                        photo=Y art=Y
 20 Rick Ross                    photo=Y art=Y
 21 Pimp C                       photo=Y art=Y
 22 Andre Nickatina              photo=Y art=Y
 23 Young Jeezy                  photo=Y art=Y
 24 Jeezy                        photo=Y art=Y
 25 Gucci Mane                   photo=Y art=Y
 26 Gucci Mane                   photo=Y art=Y
 27 2 Pistols                    photo=Y art=Y
 28 JAY-Z                        photo=Y art=Y
 29 Kendrick Lamar               photo=Y art=Y
 30 Ab-Soul                      photo=Y art=Y
 31 French Montana               photo=Y art=Y
 32 Gucci Mane                   photo=Y art=Y
 33 Lil' Flip                    photo=Y art=Y
 34 Raekwon                      photo=Y art=Y
 35 Jeezy                        photo=Y art=Y
 36 Gucci Mane                   photo=Y art=Y
 37 Jeezy                        photo=Y art=Y
 38 Meek Mill                    photo=Y art=Y
 39 Roc Marciano                 photo=Y art=Y
 40 D. King                      photo=- art=Y
 41 Future                       photo=Y art=Y
 42 Money Gang                   photo=Y art=Y
 43 Meek Mill                    photo=Y art=Y
 44 Jeezy                        photo=Y art=Y
 45 Gunplay                      photo=Y art=Y
 46 Yo Gotti                     photo=Y art=Y
 47 Fredo Santana                photo=Y art=Y
 48 Alpoko Don                   photo=- art=-
 49 Rick Ross                    photo=Y art=Y
 50 Boldy James                  photo=Y art=Y
 51 Casino                       photo=Y art=Y
 52 Doe B                        photo=Y art=Y
 53 Doe B                        photo=Y art=Y
 54 E-40                         photo=Y art=Y
 55 Meek Mill                    photo=Y art=Y
 56 Tracy T                      photo=Y art=Y
 57 Waka Flocka Flame            photo=Y art=Y
 58 Waka Flocka Flame            photo=Y art=Y
 59 Wale                         photo=Y art=Y
 60 SBOE                         photo=- art=Y
 61 Joey Fatts                   photo=Y art=Y
 62 O.T. Genasis                 photo=Y art=Y
 63 Dave East                    photo=Y art=Y
 64 E-40                         photo=Y art=Y
 65 KXNG Crooked                 photo=Y art=Y
 66 TREY CHOPS                   photo=Y art=Y
 67 SpaceGhostPurrp              photo=Y art=Y
 68 Gucci Mane                   photo=Y art=Y
 69 French Montana               photo=Y art=Y
 70 Jadakiss                     photo=Y art=Y
 71 Rick Ross                    photo=Y art=Y
 72 Killer Mike                  photo=Y art=Y
 73 Westside Gunn                photo=Y art=Y
 74 Yo Gotti                     photo=Y art=Y
 75 K.I.D GuacamoleGodd          photo=Y art=Y
 76 Baby E                       photo=Y art=Y
 77 Migos                        photo=Y art=Y
 78 Future                       photo=Y art=Y
 79 Philthy Rich                 photo=Y art=Y
 80 Hoodrich Pablo Juan          photo=Y art=Y
 81 Loso Loaded                  photo=Y art=Y
 82 O.T. Genasis                 photo=Y art=Y
 83 Juicy J                      photo=Y art=Y
 84 Young Scooter                photo=Y art=Y
 85 Deniro Farrar                photo=Y art=Y
 86 Freddie Gibbs                photo=Y art=Y
 87 LOM Rudy                     photo=Y art=Y
 88 Leeky Bandz                  photo=Y art=Y
 89 OJ da Juiceman               photo=Y art=Y
 90 Peso Peso                    photo=Y art=Y
 91 Stack Bundles                photo=Y art=Y
 92 Westside Gunn                photo=Y art=Y
 93 Cookie Money                 photo=Y art=Y
 94 Westside Gunn                photo=Y art=Y
 95 EST Gee                      photo=Y art=Y
 96 EST Gee                      photo=Y art=Y
 97 Gucci Mane                   photo=Y art=Y
 98 ILL BILL                     photo=Y art=Y
 99 Nuk                          photo=Y art=Y
100 Yo Gotti                     photo=Y art=Y
101 38 Spesh                     photo=Y art=Y
102 GrindHard E                  photo=Y art=Y
103 Fate Gryndhouse              photo=- art=Y
104 Icewear Vezzo                photo=Y art=Y
105 Rick Ross                    photo=Y art=Y
106 Rome Streetz                 photo=Y art=Y
107 3MFrench                     photo=Y art=Y
108 Call Me Schosa               photo=Y art=Y
109 Peezy                        photo=Y art=Y
110 Fredo                        photo=Y art=Y
111 ArrDee                       photo=Y art=Y
112 Country Dons                 photo=Y art=Y
113 ACE (UK Drill)               photo=Y art=Y
114 Yo Gotti                     photo=Y art=Y
115 Drego                        photo=Y art=Y
116 Real Boston Richey           photo=Y art=Y
117 Knowledge The Pirate         photo=Y art=Y
118 3MFrench                     photo=Y art=Y
119 Lil Jairmy                   photo=Y art=Y
120 M Huncho                     photo=Y art=Y
121 Conway the Machine           photo=Y art=Y
122 Fatt Macc                    photo=Y art=Y
123 YOUNG JR                     photo=Y art=Y
124 Young Shiners                photo=Y art=Y
125 Why G                        photo=Y art=Y
126 Dimiko                       photo=Y art=Y
127 YN Jay                       photo=Y art=Y
128 Meekz                        photo=Y art=Y
129 Morrisson                    photo=Y art=Y
130 Aystar                       photo=Y art=Y
131 Hardo                        photo=Y art=Y
132 Buckshot (IRL)               photo=Y art=Y
133 Tyno Got It                  photo=Y art=Y
134 Westside Gunn                photo=Y art=Y
135 Řezník                       photo=Y art=Y
136 BloodHound Q50               photo=Y art=Y
137 AgnsBill                     photo=Y art=Y
138 Young Nudy                   photo=Y art=Y
139 Slim                         photo=Y art=Y
140 Street Certified             photo=- art=Y
141 bdifferent                   photo=Y art=Y
142 Why G                        photo=Y art=Y
143 Silkk the Shocker            photo=Y art=Y
144 La The Darkman               photo=Y art=Y
145 AZ                           photo=Y art=Y
146 Wiley                        photo=Y art=Y
147 Jeezy                        photo=Y art=Y
148 Gucci Mane                   photo=Y art=Y
149 Webbo                        photo=Y art=Y
150 Lantana                      photo=- art=Y
151 Fred the Godson              photo=Y art=Y
152 Deniro Farrar                photo=Y art=Y
153 Westside Gunn                photo=Y art=Y
154 Jimmy Wopo                   photo=Y art=Y
155 Conway the Machine           photo=Y art=Y
156 Baby Ahk                     photo=Y art=Y
157 No Plug                      photo=Y art=Y
158 Westside Gunn                photo=Y art=Y
159 sKitz Kraven                 photo=Y art=Y
160 Veeze                        photo=Y art=Y
161 Slim                         photo=Y art=Y
162 42 Dugg                      photo=Y art=Y
163 Burna Bandz                  photo=Y art=Y
164 Jeezy                        photo=Y art=Y
165 K-Trap                       photo=Y art=Y
166 Lil Wayne                    photo=Y art=Y
167 Ronin Gray                   photo=- art=Y
168 SupaWassi                    photo=Y art=Y
169 BandGang Lonnie Bands        photo=Y art=Y
170 Pusha T                      photo=Y art=Y
171 Struggle Mike                photo=Y art=Y
172 Tee Grizzley                 photo=Y art=Y
173 42 Dugg                      photo=Y art=Y
174 Pusha T                      photo=Y art=Y
175 Blac Youngsta                photo=Y art=Y
176 Kenzo Str8Drop               photo=Y art=Y
177 Tye Henney                   photo=Y art=Y
178 Boldy James                  photo=Y art=Y
179 Poody Gordy                  photo=Y art=Y
180 Boldy James                  photo=Y art=Y
181 Conway the Machine           photo=Y art=Y
182 Nickoe                       photo=- art=Y
183 Pimp C                       photo=Y art=Y
184 Young Buck                   photo=Y art=Y
185 Young Jeezy                  photo=Y art=Y
186 Malice                       photo=Y art=Y
187 OJ da Juiceman               photo=Y art=Y
188 Gucci Mane                   photo=Y art=Y
189 Jeezy                        photo=Y art=Y
190 Rick Ross                    photo=Y art=Y
191 Rick Ross                    photo=Y art=Y
192 Payroll Giovanni             photo=Y art=Y
193 Gucci Mane                   photo=Y art=Y
194 Rick Ross                    photo=Y art=Y
195 Yo Gotti                     photo=Y art=Y
196 Benny the Butcher            photo=Y art=Y
197 Conway the Machine           photo=Y art=Y
198 Gorilla Zoe                  photo=Y art=Y
199 Gucci Mane                   photo=Y art=Y
done: 199 rows, artist_photo 191, song_art 198, any 198
