Wed Sep  2 08:01:53 PM PDT 2026 waiting for genius
Wed Sep  2 08:19:56 PM PDT 2026 genius back; retry sweep
Wed Sep  2 08:27:57 PM PDT 2026 SWEEP DONE 1983 hits
Wed Sep  2 08:27:57 PM PDT 2026 annotation crawl
done 2 Chainz
done 38 Spesh
done 42 Dugg
done 50 Cent
done 8Ball & MJG
done Azealia Banks
done Babyface Ray
done Benny the Butcher
done B.G. Knocc Out
done Big L
done Boldy James
done Boosie Badazz
done Bun B
done Cam’ron
done Clipse
done Conway the Machine
done Cormega
done Dave East
done Doughboyz Cashout
done E-40
done EST Gee
done Fabolous
done Freddie Gibbs
done Fredo
done French Montana
done Future
done Ghostface Killah
done Giggs
done Gucci Mane
done Gunna
done Gunplay
done Headie One
done Hot Boys
done Ice Cube
done Icewear Vezzo
done Jadakiss
done JAŸ-Z
done Jeezy
done Jim Jones
done Juelz Santana
done Juvenile
done Kendrick Lamar
done Kevin Gates
done Key Glock
done Killer Mike
done Kodak Black
done Kool G Rap
done K-Trap
done Lil Baby
done Lil Wayne
done Lloyd Banks
done Master P
done Meek Mill
done Meekz
done M Huncho
done Migos
done Mobb Deep
done Moneybagg Yo
done Morrisson
done Nas
done Nines
done Nipsey Hussle
done N.W.A
done OJ da Juiceman
done O.T. Genasis
done Paul Wall
done Payroll Giovanni
done Peewee Longway
done Peezy
done Pimp C
done Pooh Shiesty
done Potter Payper
done Project Pat
done Pusha T
done Raekwon
done Ransom
done Rick Ross
done Rio Da Yung OG
done Roc Marciano
done Rome Streetz
done Sauce Walka
done Scarface
done ScHoolboy Q
done Slim Thug
done Stove God Cooks
done Styles P
done Tee Grizzley
done The LOX
done The Notorious B.I.G.
done Three 6 Mafia
done T.I.
done Too $hort
done Trae tha Truth
done Truwer
done UGK
done Waka Flocka Flame
done Webbie
done Westside Gunn
done YG
done Yo Gotti
done Young Dolph
done Young Scooter
done Young Thug
done Z-Ro
CRAWL DONE
Thu Sep  3 01:09:59 AM PDT 2026 CRAWL EXIT
CRAWL DONE
Thu Sep  3 01:10:17 AM PDT 2026 CRAWL2 EXIT
done AZ
done B.G.
done TRU
CRAWL DONE
Thu Sep  3 01:17:38 AM PDT 2026 CRAWL2 EXIT
