199 songs, 199 to fetch
1/199 1001 Clipse (Ft. Slim Thug) - Wamp Wamp (What It Do) :: song October 31, 2006 | album Hell Hath No Fury November 28, 2006
2/199 100172 OJ da Juiceman - Kop a Chicken :: song November 22, 2007 | album Hood Classics Extra July 1, 2008
3/199 10020865 Dimiko - Leave The Door Open :: song February 2, 2024 | album Numb None
4/199 1007 Bun B (Ft. JAŸ-Z, Jeezy, Pimp C & Z-Ro) - Get Throwed :: song October 18, 2005 | album Trill October 18, 2005
5/199 10392737 Aystar (Ft. Youngest Sav) - Hands On :: song May 9, 2024 | album STIZZY September 27, 2024
6/199 10392940 Meekz - Manny :: song May 23, 2024 | album TRU May 24, 2024
7/199 105366 AZ - The Truth :: song September 6, 2005 | album Decade 1994–2004 October 5, 2004
8/199 10561793 YN Jay (Ft. GrindHard E & Rio Da Yung OG) - US 23 :: song June 28, 2024 | album Flint 2 Detroit June 28, 2024
9/199 10652392 Morrisson - Daily Duppy (2024) :: song July 15, 2024 | album None None
10/199 10834454 Řezník & Non Phixion - Groupie :: song October 1, 2024 | album Hrozny Hněvu October 1, 2024
11/199 108388 Fredo Santana (Ft. Ballout) - Up Them Poles :: song December 17, 2012 | album Fredo Kruger February 28, 2013
12/199 108547 Pusha T (Ft. Rick Ross) - Millions :: song January 29, 2013 | album Wrath of Caine January 28, 2013
13/199 10887514 Hackle & Buckshot (IRL) - AIN’T WORTH IT :: song November 15, 2024 | album WICKER MEN November 22, 2024
14/199 110064 Ace Hood (Ft. Future & Rick Ross) - Bugatti :: song January 16, 2013 | album Trials & Tribulations July 16, 2013
15/199 11047395 Westside Gunn & DJ Drama - Duran Duran :: song November 1, 2024 | album Still Praying November 1, 2024
16/199 11099872 Tyno Got It - Uncle Drive :: song September 30, 2024 | album None None
17/199 11268149 BloodHound Q50 - King Draco :: song December 25, 2024 | album Long Live My Brudda He Prolly Kilt Yo Brudda April 2, 2025
18/199 11654662 Boldy James & V Don - Bobert Horry :: song April 4, 2025 | album Alphabet Highway April 4, 2025
19/199 117101 Waka Flocka Flame (Ft. Cartel MGM & Young Scooter) - Murda She Wrote :: song February 5, 2013 | album DuFlocka Rant 2 February 5, 2013
20/199 12245580 Young Nudy - SNAKE :: song August 8, 2025 | album PARADISE August 8, 2025
21/199 12280547 Slim (UK) - 24 :: song August 14, 2025 | album Free of 3 September 5, 2025
22/199 12445551 Andre Nickatina - 7 Letters Coked Out (Intro) :: song September 18, 2007 | album Booty Star: Glock Tawk September 18, 2007
23/199 12575364 bdifferent & Hotboii - LMDS :: song October 10, 2025 | album Come On!! January 30, 2026
24/199 127963 Waka Flocka Flame - Fast Forward :: song February 5, 2013 | album DuFlocka Rant 2 February 5, 2013
25/199 12872610 Street Certified & ShredGang (Ft. The Godfather) - Back To Back :: song December 20, 2025 | album VOLUME 1 December 20, 2025
26/199 12910931 Why G (Ft. Casper TNG & Pressa) - Where Ya Mans? :: song January 1, 2026 | album None None
27/199 13011362 Nickoe - The Peoples Choice :: song January 20, 2026 | album Trap Motivation None
28/199 13255901 AgnsBill - Trap Fame :: song December 9, 2025 | album 90 Day Run December 9, 2025
29/199 13669770 Conway the Machine & DJ Whoo Kid - TV OFF :: song June 2, 2026 | album I HEARD YOU PAINT HOUSES June 16, 2026
30/199 149615 SBOE (Ft. Juelz Santana) - Money Cars Clothes :: song 2013 | album All We Got Is Us None
31/199 151176 Gucci Mane & Young Scooter - Jugg Finesse :: song February 28, 2013 | album Free Bricks 2 February 28, 2013
32/199 15245 D4L - I’m Da Man :: song November 8, 2005 | album Down for Life November 8, 2005
33/199 173179 Gorilla Zoe (Ft. Block) - Money Man :: song September 25, 2007 | album American Gangsta Part 2 (Hood Nigga Diaries) August 12, 2007
34/199 175131 Joey Fatts (Ft. 100s & F1 (USA)) - PushaMan :: song May 29, 2013 | album Chipper Jones, Vol. 2 May 29, 2013
35/199 1771 JAŸ-Z - U Don’t Know :: song September 11, 2001 | album The Blueprint September 11, 2001
36/199 177576 Wale (Ft. Lyfe Jennings & Yo Gotti) - Bricks :: song June 25, 2013 | album The Gifted June 25, 2013
37/199 1792051 E-40 (Ft. Choose Up Cheese & Cousin Fik) - Tree in the Load :: song December 10, 2013 | album The Block Brochure: Welcome to the Soil 4 December 10, 2013
38/199 1872473 E-40 (Ft. B-Legit & Too $hort) - Same Since ’88 :: song December 9, 2014 | album Sharp On All 4 Corners: Corner 1 December 9, 2014
39/199 1877527 Gucci Mane (Ft. Fetty Wap) - Still Selling Dope :: song May 20, 2015 | album King Gucci May 20, 2015
40/199 1923 Jeezy - 24 - 23 :: song June 15, 2009 | album Heart Of The City 7 July 22, 2009
41/199 19565 Fabolous (Ft. Pharrell Williams) - Young’n :: song January 15, 2002 | album Ghetto Fabolous September 11, 2001
42/199 2154057 Rick Ross (Ft. Future) - Neighborhood Drug Dealer (Remix) :: song June 26, 2015 | album Renzel Remixes November 26, 2015
43/199 2156427 Yo Gotti (Ft. Young Thug) - Rihanna :: song June 30, 2015 | album None None
44/199 21956 Gucci Mane - Hustle :: song May 24, 2005 | album Trap House May 24, 2005
45/199 2269955 Future (Ft. Young Scooter) - We On Top :: song January 11, 2011 | album Dirty Sprite January 11, 2011
46/199 22745 Hot Boys - Get it How U Live!! :: song October 27, 1997 | album Get It How U Live!! October 28, 1997
47/199 228995 Meek Mill (Ft. Birdman, Diddy & Travis Scott) - I’m Leanin’ :: song September 29, 2013 | album Dreamchasers 3 September 29, 2013
48/199 2320127 French Montana & Chris Brown - Antidote (Remix) :: song September 30, 2015 | album None None
49/199 2347513 Jadakiss (Ft. Jeezy) - Critical :: song November 20, 2015 | album Top 5 Dead or Alive November 20, 2015
50/199 241322 Lantana (Ft. Bun B, Pusha T & Yo Gotti) - All Hustle, No Luck (Remix) :: song October 20, 2013 | album None None
51/199 2421854 Deniro Farrar - So Long :: song June 18, 2015 | album Cliff of Death II 2015
52/199 2438112 Alpoko Don Aka Don Dada - Married to the Game :: song May 12, 2012 | album None None
53/199 2441246 Westside Gunn (Ft. Conway the Machine) - Free Chapo :: song January 9, 2016 | album FLYGOD March 11, 2016
54/199 2442311 Westside Gunn & Conway the Machine - Pray for Buffalo :: song March 9, 2015 | album Hall & Nash March 9, 2015
55/199 2481208 Pimp C - True Stories :: song September 12, 2007 | album Pimp C Presents: Certified None
56/199 254761 Payroll Giovanni (Ft. Big K.R.I.T., Jeezy & Pusha T) - Pure White :: song November 5, 2013 | album ItsThaWorld Vol. 2 November 28, 2013
57/199 2605 Three 6 Mafia (Ft. Project Pat & UGK) - Sippin’ on Some Syrup :: song February 6, 2000 | album When the Smoke Clears: Sixty 6, Sixty 1 June 13, 2000
58/199 26645 Kokane (Ft. Above the Law & Tha Alkaholiks) - All Bark No Bite :: song April 12, 1994 | album Funk Upon a Rhyme April 12, 1994
59/199 27430 La The Darkman - Gun Rule :: song November 17, 1998 | album Heist of the Century November 17, 1998
60/199 2821866 Dave East - In Some Shit (Part 1) :: song July 22, 2014 | album Black Rose July 22, 2014
61/199 2825261 Gucci Mane - Feel Like Cookin’ :: song June 15, 2008 | album So Icey Boss 2008
62/199 285996 Tracy T (Ft. Meek Mill) - 16 :: song December 3, 2013 | album The Wolf Of All Streets May 27, 2014
63/199 2889996 Gucci Mane (Ft. Yo Gotti) - In the Trap :: song May 14, 2008 | album G Shit May 14, 2008
64/199 2892829 Yo Gotti - Mitch :: song October 31, 2016 | album 2 Federal October 31, 2016
65/199 2919184 Killer Mike - Saks Fifth :: song March 17, 2016 | album Legend  May 22, 2016
66/199 2942286 Baby E (Ft. HoodyBaby & Lil Wayne) - Bando :: song December 28, 2016 | album Kill The Noise 2017
67/199 2948140 Migos - T-Shirt :: song January 6, 2017 | album Culture January 27, 2017
68/199 2949437 D. King (rapper) - Supposed to Be :: song July 20, 2011 | album Young Marvin: Real R&B and Soul 2011
69/199 296 The Notorious B.I.G. - Niggas Bleed :: song March 25, 1997 | album Life After Death March 25, 1997
70/199 2960262 Hoodrich Pablo Juan (Ft. Playboi Carti) - Servin & Swervin :: song January 18, 2017 | album None None
71/199 2989271 Future - Scrape :: song February 17, 2017 | album FUTURE February 17, 2017
72/199 30587 Master P - Dead Presidents :: song June 6, 1995 | album 99 Ways to Die June 6, 1995
73/199 3088403 Juicy J - One Of Them :: song May 15, 2017 | album Gas Face May 15, 2017
74/199 3359074 Loso Loaded (Ft. Marlo & Young Scooter) - Shot Callin :: song November 10, 2017 | album Bomb First November 10, 2017
75/199 3461428 No Plug (Ft. Marlo) - Groceries :: song September 1, 2017 | album Culinary Arts 101 September 1, 2017
76/199 3470684 SprngBrk (Ft. O.T. Genasis) - Tuh :: song September 28, 2017 | album Turbulence April 5, 2019
77/199 352087 Rick Ross (Ft. Jeezy & Tracy T) - War Ready :: song February 8, 2014 | album Mastermind March 3, 2014
78/199 3607904 Philthy Rich - Another One :: song February 20, 2017 | album Seminary February 20, 2017
79/199 3638810 Doe B (Ft. T.I.) - Don’t Want It :: song July 4, 2013 | album Baby Jesus July 4, 2013
80/199 370023 Casino (Ft. Young Thug) - Communication :: song June 26, 2013 | album Frank Matthews February 11, 2014
81/199 37380 Pimp Daddy (Ft. B.G. & Big Tymers) - Pimp’n Ain’t E-Z :: song 1996 | album Pimp’n Ain’t E-Z 1996
82/199 3740532 Deniro Farrar - Key To The Door :: song May 16, 2018 | album None None
83/199 3746575 Westside Gunn (Ft. Roc Marciano) - Ric Martel :: song June 22, 2018 | album Supreme Blientele June 22, 2018
84/199 37477 Pooh-Man - Niggas Ain’t Playin’ :: song April 20, 1992 | album Funky As I Wanna Be 1992
85/199 376598 Doe B - 30 Piece :: song July 4, 2013 | album Baby Jesus July 4, 2013
86/199 3789869 Jimmy Wopo - Prime Time :: song July 25, 2016 | album Woponese July 22, 2016
87/199 38411 Raekwon (Ft. Ghostface Killah) - Striving for Perfection :: song August 1, 1995 | album Only Built 4 Cuban Linx… August 1, 1995
88/199 3932815 Gucci Mane - Put on a Show :: song May 25, 2012 | album I’m Up May 25, 2012
89/199 4138144 Young Scooter (Ft. Kodak Black) - No Features :: song December 21, 2018 | album The Recipe December 21, 2018
90/199 423 Gucci Mane (Ft. Yo Gotti & Yung Ralph) - Bricks :: song May 1, 2008 | album EA Sportscenter May 1, 2008
91/199 42381 Silkk the Shocker - I Ain’t Takin No Shorts :: song August 20, 1996 | album The Shocker August 20, 1996
92/199 4241414 Cookie Money (Ft. Elzie) - No Forfeit :: song January 18, 2019 | album Cookie World 3 January 18, 2019
93/199 4296865 sKitz Kraven - Propaganda :: song February 8, 2018 | album Hollow None
94/199 4396557 Slim (UK) - Picture This :: song March 15, 2019 | album Still Working March 15, 2019
95/199 4431368 Wiley - Taliban :: song 2008 | album Umbrella Vol 1 February 15, 2008
96/199 4434708 Baby Ahk - Marathon :: song November 24, 2017 | album HoodRich 2 November 27, 2017
97/199 4466622 Westside Gunn - Summerslam 88 :: song October 28, 2016 | album Hitler on Steroids March 8, 2017
98/199 459124 Meek Mill - Bricks :: song August 25, 2010 | album Mr. Philadelphia August 25, 2010
99/199 4623726 Stack Bundles - Stand Up :: song June 11, 2019 | album Library of a Rockstar: Chapter 1 - The Early Years June 11, 2019
100/199 4635 Jeezy - Done It :: song May 22, 2009 | album The Recession September 2, 2008
101/199 46410 TRU (Ft. Master P) - Swamp Nigga :: song February 18, 1997 | album TRU 2 Da Game February 18, 1997
102/199 46428 TRU (Ft. C-Bo, King George & Master P) - That’s How We Break Bread :: song July 25, 1995 | album TRUE July 25, 1995
103/199 465 Jeezy (Ft. Clipse) - Ill’in :: song May 4, 2010 | album Trap or Die, Pt. 2: By Any Means Necessary May 4, 2010
104/199 4655066 Freddie Gibbs & Madlib - Fake Names :: song June 28, 2019 | album Bandana June 28, 2019
105/199 4683346 Haftbefehl & Gucci Mane - Ice :: song June 5, 2020 | album Das weisse Album June 5, 2020
106/199 46886 UGK - Pocket Full of Stones :: song November 10, 1992 | album Too Hard to Swallow November 10, 1992
107/199 4694928 Peso Peso - Da Bottom :: song July 9, 2019 | album Hardest Ese Eva July 12, 2019
108/199 4733526 OJ da Juiceman - Bricks & Pots :: song July 26, 2019 | album 6 Rings 4 July 26, 2019
109/199 4770 G-Unit - Stunt 101 :: song September 20, 2003 | album Stunt 101 September 23, 2003
110/199 47860 Raekwon (Ft. Kool G Rap & M.O.P.) - Ill Figures :: song June 30, 2009 | album Chamber Music June 30, 2009
111/199 48379 Jeezy - J.E.E.Z.Y. :: song December 12, 2006 | album Gangsta Grillz: I Am the Street Dream November 14, 2006
112/199 4967 Gucci Mane - Swing My Door :: song October 11, 2006 | album Chicken Talk October 11, 2006
113/199 4973013 Westside Gunn (Ft. Boldy James & Jay Worthy) - Never Give Up :: song October 31, 2019 | album Hitler Wears Hermes 7 November 1, 2019
114/199 5004333 Leeky Bandz (Ft. Gunna) - Picasso :: song November 8, 2019 | album Life After Future  March 5, 2021
115/199 5005059 Griselda - Chef Dred’s :: song November 8, 2019 | album W.W.C.D. November 29, 2019
116/199 5203159 Burna Bandz - Let The Racks Speak :: song January 16, 2020 | album Don’t Play with Fire January 17, 2020
117/199 5218403 Lil Wayne (Ft. Takeoff) - I Don’t Sleep :: song January 31, 2020 | album Funeral January 31, 2020
118/199 5391972 42 Dugg - Ride With Me :: song March 27, 2020 | album Young & Turnt, Vol. 2 March 27, 2020
119/199 5410416 Westside Gunn (Ft. Benny the Butcher & Conway the Machine) - Allah Sent Me :: song April 17, 2020 | album Pray for Paris April 17, 2020
120/199 5481652 Fate Gryndhouse - Don’t Run Off On The Plug :: song April 20, 2020 | album None None
121/199 5498070 SupaWassi - Gucci :: song February 12, 2020 | album SupaWlatt February 12, 2020
122/199 5581442 Wanski (Ft. Veeze) - 5.Am :: song October 6, 2019 | album In My Rap Bag October 6, 2019
123/199 5682387 Ronin Gray - GET DOWN :: song August 1, 2020 | album None None
124/199 5819266 ILL BILL (Ft. Lord Goat & Sabac) - WATCH THE CITY BURN :: song July 31, 2020 | album LA BELLA MEDUSA October 30, 2020
125/199 5885035 Nuk & Rio Da Yung OG - Opioid :: song June 20, 2020 | album Ghetto Godz September 20, 2021
126/199 5904875 Yo Gotti - Stay Ur Distance :: song August 28, 2020 | album CM10: Free Game (Deluxe) February 7, 2022
127/199 593975 O.T. Genasis - Funk Flex Freestyle :: song November 13, 2014 | album None None
128/199 5940472 D. Chamberz (Ft. Fred the Godson) - On My 1, 2 :: song December 15, 2014 | album Warrior Mentality 2: Back 2 Rap December 15, 2014
129/199 5948167 GrindHard E (Ft. Rio Da Yung OG) - Against The Wall :: song September 7, 2020 | album Ghetto Pharmacist September 7, 2020
130/199 6019377 Jeezy (Ft. Yo Gotti) - Back :: song October 23, 2020 | album The Recession 2 November 20, 2020
131/199 6097396 K-Trap (Ft. Blade Brown) - Probably :: song November 13, 2020 | album Street Side Effects November 13, 2020
132/199 6263868 38 Spesh - Home Game :: song December 11, 2020 | album 1995 December 11, 2020
133/199 6285126 EST Gee (Ft. Yo Gotti) - Get Money :: song December 18, 2020 | album I Still Dont Feel Nun December 18, 2020
134/199 6285130 EST Gee (Ft. 42 Dugg) - Members Only :: song December 18, 2020 | album I Still Dont Feel Nun December 18, 2020
135/199 639713 French Montana - Bricks & Walls :: song February 6, 2009 | album Coke Wave February 6, 2009
136/199 64090 Jeezy (Ft. Freddie Gibbs) - The Motto (Remix) :: song January 2012 | album None None
137/199 6417451 Fredo - I Miss :: song January 29, 2021 | album Money Can’t Buy Happiness January 29, 2021
138/199 644212 KXNG Crooked - Fallen Rap Gods :: song December 16, 2014 | album Sex, Money & Hip Hop December 16, 2014
139/199 66747 Kendrick Lamar - Best Rapper Under 25 :: song January 30, 2009 | album C4 January 30, 2009
140/199 6713020 ArrDee - [ArrDee] Plugged In Freestyle :: song May 5, 2021 | album Plugged In: S3 April 7, 2021
141/199 6731854 SpaceGhostPurrp & Dough2x - MunnieTrain7264 :: song November 19, 2014 | album Dark Angels 2019
142/199 6759022 TREY CHOPS - Stickers :: song March 24, 2014 | album Lushlands November 4, 2014
143/199 6773161 Tee Grizzley (Ft. AllStar Lee & Mu) - White Dior Tee :: song May 7, 2021 | album Built For Whatever  May 7, 2021
144/199 6927 504 Boyz (Ft. Master P & Samm (Coloquinte)) - Moving Things :: song May 2, 2000 | album Goodfellas May 2, 2000
145/199 6962658 Peezy - I’m Good, Pt. 6 :: song July 2, 2021 | album Free Rio July 2, 2021
146/199 7003254 Pop Smoke (Ft. Kanye West & Pusha T) - Tell the Vision :: song July 16, 2021 | album Faith July 16, 2021
147/199 7042 50 Cent (Ft. Nas & Nature) - Too Hot :: song January 1, 2002 | album Guess Who’s Back? April 26, 2002
148/199 7112212 Lil' Flip & Gudda Gudda - I Keep It Street All Day :: song 2009 | album Certified May 26, 2009
149/199 7143201 Westside Gunn (Ft. Rome Streetz) - Peri Peri :: song August 27, 2021 | album Hitler Wears Hermes 8: Sincerely Adolf August 27, 2021
150/199 7190129 Icewear Vezzo - 5 Mill :: song September 9, 2021 | album Rich Off Pints 2 September 29, 2021
151/199 7190156 Call Me Schosa - Schotivation :: song September 10, 2021 | album 26GOD None
152/199 72738 Ab-Soul - Introduction :: song January 8, 2009 | album Long Term January 8, 2009
153/199 7277521 3MFrench (Ft. Pengz & Two-Two) - Lizzie McGuire :: song October 21, 2021 | album None None
154/199 7300790 ACE (UK Drill) & Kwengface - Slowly :: song October 17, 2021 | album None None
155/199 7356972 BandGang Lonnie Bands & Cypress Moreno - Where Is Marshall :: song October 7, 2021 | album Hard 2 Kill October 7, 2021
156/199 7452613 Rick Ross (Ft. The-Dream & Willie Falcon) - Little Havana :: song December 3, 2021 | album Richer Than I Ever Been December 10, 2021
157/199 74950 Rick Ross (Ft. Meek Mill) - So Sophisticated :: song June 5, 2012 | album God Forgives, I Don’t July 30, 2012
158/199 75 JAŸ-Z (Ft. Alicia Keys) - Empire State of Mind :: song September 1, 2009 | album The Blueprint 3 September 8, 2009
159/199 7505893 Country Dons (Ft. GRM Daily) - Daily Duppy :: song December 19, 2021 | album None None
160/199 75219 Gucci Mane (Ft. Project Pat) - Time To Eat :: song 2009 | album Free At Last April 21, 2009
161/199 7622766 LOM Rudy (Ft. Peezy) - Fuck Rap :: song September 20, 2019 | album Chess Not Checkers September 20, 2019
162/199 7662709 Yo Gotti, 42 Dugg & EST Gee - Cold Gangsta :: song February 3, 2022 | album CM10: Free Game February 4, 2022
163/199 7889544 Blac Youngsta - Money :: song April 21, 2022 | album 4LIFE May 12, 2022
164/199 794 Rick Ross - Hustlin’ :: song March 11, 2006 | album Port of Miami August 8, 2006
165/199 7986828 Gucci Mane - Truck Loaded :: song June 20, 2007 | album Ice Attack 2 June 20, 2007
166/199 80014 Boldy James - For the Birds :: song 2013 | album Grand Quarters 2013
167/199 8083772 Tye Henney - PM :: song February 18, 2022 | album 1207 February 18, 2022
168/199 8088526 Al-Doms & Pusha T - HAHA :: song June 16, 2022 | album PRESCRIBED OVERDOSE September 21, 2022
169/199 811364 Jeezy - Porsche Music :: song August 12, 2010 | album 1000 Grams August 12, 2010
170/199 8191531 42 Dugg, Coi Leray & CMG The Label - Hold Me Down :: song July 15, 2022 | album Gangsta Art July 15, 2022
171/199 8194580 Knowledge The Pirate & Big Ghost Ltd - Sweetwater :: song July 19, 2022 | album Wolves Don’t Eat With Shepherds July 19, 2022
172/199 8269994 Drego & Beno - Slatt Season 5 :: song August 26, 2022 | album Sorry We Was Trapping August 26, 2022
173/199 8273641 2 Pistols - Gettin’ Money Mane :: song June 17, 2008 | album Death Before Dishonor June 17, 2008
174/199 8300821 3MFrench (Ft. Pengz) - Gaza :: song August 24, 2022 | album It’s Just The Beginning August 24, 2022
175/199 8314249 Real Boston Richey - Dawggy :: song August 26, 2022 | album Public Housing August 26, 2022
176/199 8368064 Lil Jairmy (Ft. EST Gee) - SRT :: song September 9, 2022 | album GasGod 2 September 9, 2022
177/199 8417468 K.I.D GuacamoleGodd (Ft. Lil Durk) - 100 Clip :: song August 1, 2016 | album Quad City None
178/199 8496828 Money Gang (Ft. FBG Brick, FBG Dutchie & Reese G) - Work :: song December 24, 2011 | album Money Gang & Reese G Presents: Da Compilation Born Again January 24, 2012
179/199 8624720 YOUNG JR (Ft. D-Lo) - On Babies :: song February 3, 2023 | album Thug Child February 3, 2023
180/199 87230 Gunplay - Bible on the Dash :: song September 3, 2012 | album 601 & Snort September 3, 2012
181/199 88787 Boosie Badazz & Webbie - Hustlin’ :: song May 25, 2004 | album Gangsta Musik May 25, 2004
182/199 8900077 Kenzo Str8Drop - Trap Flow :: song May 5, 2022 | album None None
183/199 8971388 Webbo (Ft. HNIC Pesh & Icewear Vezzo) - Young Nigga Ballin :: song 2012 | album Buffy Music Vol 1 May 8, 2012
184/199 8993271 Struggle Mike & Black Soprano Family (Ft. Benny the Butcher, Heem B$F & Smoke Bulga) - John Gotti (Remix) :: song April 7, 2023 | album IYKYK April 7, 2023
185/199 9210347 Boldy James & ChanHays - Trust Issues :: song June 9, 2023 | album Prisoner of Circumstance June 9, 2023
186/199 9212197 Why G, Bundog & Money Musik (Ft. Dr. Bushman) - Expendables :: song June 2, 2023 | album Chris Bosh December 15, 2023
187/199 9316162 Jeezy - Whippin All of Dat :: song August 12, 2010 | album 1000 Grams August 12, 2010
188/199 9324906 Young Shiners & EST DonWon - One of One :: song July 14, 2023 | album Shiners Are Forever July 14, 2023
189/199 94014 Meek Mill - Dreams and Nightmares (Intro) :: song October 30, 2012 | album Dreams and Nightmares October 30, 2012
190/199 9456781 M Huncho - where you been? :: song September 8, 2023 | album my neighbours don’t know. September 8, 2023
191/199 94720 Roc Marciano - Whateva Whateva :: song May 4, 2010 | album Marcberg May 4, 2010
192/199 948 DJ Khaled (Ft. Big Boi, Birdman, Busta Rhymes, Fat Joe, Jeezy, Lil Wayne, Ludacris, Rick Ross & T-Pain) - I’m So Hood (Remix) :: song August 28, 2007 | album We The Best June 12, 2007
193/199 9571935 Fatt Macc - Box God :: song September 29, 2023 | album Box God September 29, 2023
194/199 9671888 Conway the Machine & Wun Two - Bianca :: song December 22, 2023 | album Palermo December 22, 2023
195/199 98153 Yo Gotti (Ft. Jadakiss) - Ain’t No Turning Around :: song October 18, 2012 | album CM7: The World Is Yours October 17, 2012
196/199 984 Jeezy - Mr. 17.5 :: song December 12, 2006 | album The Inspiration December 12, 2006
197/199 9961205 Conway the Machine & Stove God Cooks - Mutty :: song January 19, 2024 | album Slant Face Killah May 10, 2024
198/199 9985132 Poody Gordy, Babyface Ray, Drego & Beno & ShredGang Mone - Break a Bitch :: song January 19, 2024 | album The Last Supper January 19, 2024
199/199 9997459 Wiz Khalifa (Ft. BACKWOOD BRAT & Hardo) - Dress Like This :: song January 27, 2024 | album None None
done
