ERR twenty one five HTTP Error 429: Too Many Requests
ERR twenty for a key HTTP Error 429: Too Many Requests
ERR thirty for a key HTTP Error 429: Too Many Requests
ERR twenty for a bird HTTP Error 429: Too Many Requests
ERR thirty for a bird HTTP Error 429: Too Many Requests
ERR forty for a brick HTTP Error 429: Too Many Requests
ERR forty a key HTTP Error 429: Too Many Requests
ERR thirty a brick HTTP Error 429: Too Many Requests
ERR twenty a brick HTTP Error 429: Too Many Requests
ERR twenty-five a key HTTP Error 429: Too Many Requests
ERR twenty five a brick HTTP Error 429: Too Many Requests
ERR thirty five a brick HTTP Error 429: Too Many Requests
ERR thirty-six a brick HTTP Error 429: Too Many Requests
ERR thirty five a key HTTP Error 429: Too Many Requests
ERR fifteen a key HTTP Error 429: Too Many Requests
ERR fourteen a key HTTP Error 429: Too Many Requests
ERR twelve a key HTTP Error 429: Too Many Requests
ERR thirteen a key HTTP Error 429: Too Many Requests
ERR ten a key HTTP Error 429: Too Many Requests
ERR Mr. 17.5 HTTP Error 429: Too Many Requests
ERR Kobe Bryant LeBron key HTTP Error 429: Too Many Requests
ERR paid for a bird HTTP Error 429: Too Many Requests
ERR paid for the keys HTTP Error 429: Too Many Requests
ERR cost me a brick HTTP Error 429: Too Many Requests
ERR cost of a brick HTTP Error 429: Too Many Requests
ERR cost of a key HTTP Error 429: Too Many Requests
ERR brick prices HTTP Error 429: Too Many Requests
ERR key prices HTTP Error 429: Too Many Requests
ERR keys was going for HTTP Error 429: Too Many Requests
ERR kilo was HTTP Error 429: Too Many Requests
ERR kilo cost HTTP Error 429: Too Many Requests
ERR kilos cost HTTP Error 429: Too Many Requests
ERR coke price HTTP Error 429: Too Many Requests
ERR coke went up HTTP Error 429: Too Many Requests
ERR price of the white HTTP Error 429: Too Many Requests
ERR price of that white HTTP Error 429: Too Many Requests
ERR price of coke HTTP Error 429: Too Many Requests
ERR price on the bricks HTTP Error 429: Too Many Requests
ERR price on the keys HTTP Error 429: Too Many Requests
ERR price on the birds HTTP Error 429: Too Many Requests
ERR went up on the bricks HTTP Error 429: Too Many Requests
ERR plug charge HTTP Error 429: Too Many Requests
ERR the plug want HTTP Error 429: Too Many Requests
ERR plug said HTTP Error 429: Too Many Requests
ERR raw for HTTP Error 429: Too Many Requests
ERR soft for HTTP Error 429: Too Many Requests
ERR whole brick for HTTP Error 429: Too Many Requests
ERR half a brick for HTTP Error 429: Too Many Requests
ERR half a key for HTTP Error 429: Too Many Requests
ERR half a bird for HTTP Error 429: Too Many Requests
1034 hits
