{"name": "2 Pistols", "title": "2 Pistols", "birth_place": "Tarpon Springs, Florida, U.S", "origin": null, "top_cities": [["Tampa", 1]], "is_rapper": true}
{"name": "38 Spesh", "title": "38 Spesh", "birth_place": "Rochester, New York, US", "origin": null, "top_cities": [["Rochester", 2], ["New York", 1], ["Atlanta", 1]], "is_rapper": true}
{"name": "3MFrench", "title": "Dead Hendrix", "birth_place": "Burlington, Vermont, U.S", "origin": null, "top_cities": [["Toronto", 2]], "is_rapper": true}
{"name": "42 Dugg", "title": "42 Dugg", "birth_place": "Detroit, Michigan, U.S", "origin": null, "top_cities": [["Atlanta", 3], ["Detroit", 2]], "is_rapper": true}
{"name": "504 Boyz", "title": "504 Boyz", "birth_place": null, "origin": "New Orleans, Louisiana, U.S", "top_cities": [["New Orleans", 3]], "is_rapper": true}
{"name": "50 Cent", "title": "50 Cent", "birth_place": "New York City, U.S", "origin": null, "top_cities": [["New York", 17], ["Los Angeles", 5], ["New York City", 4], ["Queens", 4], ["Houston", 3]], "is_rapper": true}
{"name": "Ab-Soul", "title": "Ab-Soul", "birth_place": "Los Angeles, California", "origin": "Carson, California, U.S", "top_cities": [["Carson", 3], ["Brooklyn", 1], ["Los Angeles", 1], ["Compton", 1], ["San Francisco", 1]], "is_rapper": true}
{"name": "ACE (UK Drill)", "title": "UK underground rap", "birth_place": null, "origin": null, "top_cities": [["London", 19], ["New York", 1]], "is_rapper": false}
{"name": "AgnsBill", "title": "Dextromethorphan", "birth_place": null, "origin": null, "top_cities": [], "is_rapper": false}
{"name": "Alpoko Don", "title": "Hopscotch Music Festival", "birth_place": null, "origin": null, "top_cities": [["New York", 1], ["Queens", 1], ["Harlem", 1], ["Austin", 1], ["Gary", 1]], "is_rapper": false}
{"name": "Andre Nickatina", "title": "Andre Nickatina", "birth_place": "San Francisco, California, U.S", "origin": null, "top_cities": [["San Francisco", 4], ["Denver", 1]], "is_rapper": true}
{"name": "ArrDee", "title": "ArrDee", "birth_place": "Brighton, England", "origin": null, "top_cities": [["Brighton", 1]], "is_rapper": true}
{"name": "Aystar", "title": "Double Tap Diaries", "birth_place": null, "origin": null, "top_cities": [], "is_rapper": true}
{"name": "AZ", "title": "AZ (rapper)", "birth_place": "Brooklyn, New York City, U.S", "origin": null, "top_cities": [["Brooklyn", 3], ["New York", 2], ["New York City", 1], ["Queens", 1]], "is_rapper": true}
{"name": "Baby Ahk", "title": "Rico Nasty discography", "birth_place": null, "origin": null, "top_cities": [], "is_rapper": true}
{"name": "Baby E", "title": "Bounce It", "birth_place": null, "origin": null, "top_cities": [], "is_rapper": true}
{"name": "BandGang Lonnie Bands", "title": "OTXmas", "birth_place": null, "origin": null, "top_cities": [["Los Angeles", 1]], "is_rapper": true}
{"name": "bdifferent", "title": "NoCap", "birth_place": "Mobile, Alabama, U.S", "origin": null, "top_cities": [], "is_rapper": true}
{"name": "Blac Youngsta", "title": "Blac Youngsta", "birth_place": "Memphis, Tennessee, U.S", "origin": null, "top_cities": [["Memphis", 7], ["Atlanta", 1]], "is_rapper": true}
{"name": "BloodHound Q50", "title": "Bloodhound (disambiguation)", "birth_place": null, "origin": null, "top_cities": [["Chicago", 1]], "is_rapper": false}
{"name": "Boldy James", "title": "Boldy James", "birth_place": "Atlanta, Georgia, U.S", "origin": "Detroit, Michigan, U.S", "top_cities": [["Detroit", 5], ["Atlanta", 1]], "is_rapper": true}
{"name": "Boosie Badazz", "title": "Boosie Badazz", "birth_place": "Baton Rouge, Louisiana, U.S", "origin": null, "top_cities": [["Baton Rouge", 5], ["San Diego", 3], ["Jacksonville", 1]], "is_rapper": true}
{"name": "Burna Bandz", "title": "Pressa (rapper)", "birth_place": "Toronto, Ontario, Canada", "origin": null, "top_cities": [["Toronto", 4], ["Los Angeles", 1], ["London", 1]], "is_rapper": true}
{"name": "Call Me Schosa", "title": null}
{"name": "Casino", "title": "Move That Dope", "birth_place": null, "origin": null, "top_cities": [], "is_rapper": true}
{"name": "Conway the Machine", "title": "Conway the Machine", "birth_place": "Buffalo, New York, U.S", "origin": null, "top_cities": [["London", 1]], "is_rapper": true}
{"name": "Cookie Money", "title": "Living Legend: Certified D-Boy", "birth_place": null, "origin": null, "top_cities": [], "is_rapper": true}
{"name": "Country Dons", "title": "021kid", "birth_place": null, "origin": "Tehran, Iran", "top_cities": [["London", 8]], "is_rapper": true}
{"name": "D4L", "title": "D4L", "birth_place": null, "origin": "Atlanta, Georgia, U.S", "top_cities": [["Atlanta", 2], ["Chicago", 1], ["St. Louis", 1]], "is_rapper": true}
{"name": "Dave East", "title": "Dave East", "birth_place": "New York City, U.S", "origin": null, "top_cities": [["New York", 4], ["Harlem", 4], ["New York City", 3], ["Bronx", 1], ["Philadelphia", 1]], "is_rapper": true}
{"name": "Deniro Farrar", "title": "Deniro Farrar", "birth_place": "Charlotte, North Carolina, U.S", "origin": null, "top_cities": [["Charlotte", 2]], "is_rapper": true}
{"name": "Dimiko", "title": "Lake Lysimachia", "birth_place": null, "origin": null, "top_cities": [], "is_rapper": false}
{"name": "D. King", "title": "D.King", "birth_place": null, "origin": "Crofton, Maryland", "top_cities": [], "is_rapper": true}
{"name": "Doe B", "title": "Grand Hustle Records", "birth_place": null, "origin": null, "top_cities": [["Atlanta", 4], ["London", 2], ["Philadelphia", 1], ["Jacksonville", 1], ["Los Angeles", 1]], "is_rapper": true}
{"name": "Drego", "title": "Bloxk Party", "birth_place": null, "origin": null, "top_cities": [["Detroit", 3]], "is_rapper": true}
{"name": "E-40", "title": "E-40", "birth_place": "Vallejo, California, U.S", "origin": null, "top_cities": [["San Francisco", 4], ["Vallejo", 3], ["Miami", 1], ["Oakland", 1]], "is_rapper": true}
{"name": "EST Gee", "title": "EST Gee", "birth_place": null, "origin": null, "top_cities": [["Louisville", 3], ["Austin", 1]], "is_rapper": true}
{"name": "Fabolous", "title": "Fabolous", "birth_place": "New York City, U.S", "origin": null, "top_cities": [["New York", 3], ["Brooklyn", 3], ["New York City", 2], ["Manhattan", 2]], "is_rapper": true}
{"name": "Fate Gryndhouse", "title": null}
{"name": "Fatt Macc", "title": "Larry June", "birth_place": "San Francisco, California, U.S", "origin": null, "top_cities": [["San Francisco", 4], ["Atlanta", 1], ["Vallejo", 1]], "is_rapper": true}
{"name": "Freddie Gibbs", "title": "Freddie Gibbs", "birth_place": "Gary, Indiana, U.S", "origin": null, "top_cities": [["Gary", 6], ["New York", 2], ["Brooklyn", 1], ["Buffalo", 1], ["Miami", 1]], "is_rapper": true}
{"name": "Fredo", "title": "Fredo (rapper)", "birth_place": null, "origin": "Mozart Estate, Kilburn, London, England", "top_cities": [["London", 3]], "is_rapper": true}
{"name": "Fredo Santana", "title": "Fredo Santana", "birth_place": "Chicago, Illinois, U.S", "origin": null, "top_cities": [["Chicago", 1], ["Los Angeles", 1], ["Paris", 1]], "is_rapper": true}
{"name": "Fred the Godson", "title": "Fred the Godson", "birth_place": "New York City, U.S", "origin": null, "top_cities": [["Bronx", 4], ["New York", 3], ["New York City", 2]], "is_rapper": true}
{"name": "French Montana", "title": "French Montana", "birth_place": "Casablanca, Morocco", "origin": "The Bronx, New York City, U.S", "top_cities": [["New York", 13], ["Bronx", 9], ["New York City", 2], ["Atlanta", 2], ["Chicago", 2]], "is_rapper": true}
{"name": "Future", "title": "Future (rapper)", "birth_place": "Atlanta, Georgia, U.S", "origin": null, "top_cities": [["Atlanta", 7], ["Decatur", 1], ["Inglewood", 1], ["Paris", 1]], "is_rapper": true}
{"name": "GrindHard E", "title": "YN Jay", "birth_place": "Flint, Michigan, U.S", "origin": "Mount Morris Township, Michigan, U.S", "top_cities": [["Detroit", 1]], "is_rapper": true}
{"name": "Gucci Mane", "title": "Gucci Mane", "birth_place": "Bessemer, Alabama, US", "origin": "Atlanta, Georgia, US", "top_cities": [["Atlanta", 22], ["New York", 3], ["Decatur", 2], ["Philadelphia", 1], ["Miami", 1]], "is_rapper": true}
{"name": "Gunplay", "title": "Gunplay (rapper)", "birth_place": "Texas, U.S", "origin": "Carol City, Florida, U.S", "top_cities": [["Miami", 4], ["Carol City", 3]], "is_rapper": true}
{"name": "Hackle", "title": "Sematary", "birth_place": "California, U.S", "origin": null, "top_cities": [["Chicago", 1], ["Sacramento", 1]], "is_rapper": true}
{"name": "Hardo", "title": "Hardo", "birth_place": "Wilkinsburg, Pennsylvania, U.S", "origin": "Pittsburgh, Pennsylvania, U.S", "top_cities": [["Pittsburgh", 1], ["Detroit", 1]], "is_rapper": true}
{"name": "Hoodrich Pablo Juan", "title": "Hoodrich Pablo Juan", "birth_place": "Newark, New Jersey, U.S", "origin": "Atlanta, Georgia, U.S", "top_cities": [], "is_rapper": true}
{"name": "Hot Boys", "title": "Hot Boys", "birth_place": null, "origin": "Uptown New Orleans, Louisiana, U.S", "top_cities": [["New Orleans", 3]], "is_rapper": true}
{"name": "Icewear Vezzo", "title": "Icewear Vezzo", "birth_place": "Minneapolis, Minnesota, U.S", "origin": "Detroit, Michigan, U.S", "top_cities": [["Detroit", 17]], "is_rapper": true}
{"name": "ILL BILL", "title": "Ill Bill", "birth_place": "New York City, U.S", "origin": null, "top_cities": [["New York City", 1], ["New York", 1], ["Brooklyn", 1], ["Boston", 1]], "is_rapper": true}
{"name": "Jadakiss", "title": "Jadakiss", "birth_place": "Yonkers, New York, U.S", "origin": null, "top_cities": [["New York", 11], ["Yonkers", 6], ["New York City", 3], ["Brooklyn", 1], ["Queens", 1]], "is_rapper": true}
{"name": "JAY-Z", "title": "Jay-Z", "birth_place": "New York City, U.S", "origin": null, "top_cities": [["New York", 20], ["Brooklyn", 12], ["New York City", 9], ["Chicago", 4], ["Los Angeles", 3]], "is_rapper": true}
{"name": "Jeezy", "title": "Jeezy", "birth_place": "Columbia, South Carolina, U.S", "origin": "Atlanta, Georgia, U.S", "top_cities": [["Atlanta", 2], ["Miami", 1]], "is_rapper": true}
{"name": "Jimmy Wopo", "title": "Jimmy Wopo", "birth_place": "Pittsburgh, Pennsylvania, U.S", "origin": null, "top_cities": [["Pittsburgh", 7], ["New York", 1]], "is_rapper": true}
{"name": "Joey Fatts", "title": "Joey Fatts", "birth_place": null, "origin": "Long Beach, California, U.S", "top_cities": [["Long Beach", 3], ["Los Angeles", 2], ["New York City", 1], ["New York", 1], ["Compton", 1]], "is_rapper": true}
{"name": "Juicy J", "title": "Juicy J", "birth_place": "Memphis, Tennessee, U.S", "origin": null, "top_cities": [["Houston", 6], ["Memphis", 6]], "is_rapper": true}
{"name": "Kendrick Lamar", "title": "Kendrick Lamar", "birth_place": "Compton, California, U.S", "origin": null, "top_cities": [["Compton", 10], ["Los Angeles", 7], ["New York", 3], ["Chicago", 2], ["Watts", 2]], "is_rapper": true}
{"name": "Kenzo Str8Drop", "title": "4 (Aitch album)", "birth_place": null, "origin": null, "top_cities": [["Manchester", 3]], "is_rapper": true}
{"name": "Key Glock", "title": "Key Glock", "birth_place": "Memphis, Tennessee, U.S", "origin": null, "top_cities": [["Memphis", 3], ["Seattle", 1], ["London", 1], ["Manchester", 1]], "is_rapper": true}
{"name": "K.I.D GuacamoleGodd", "title": null}
{"name": "Killer Mike", "title": "Killer Mike", "birth_place": "Atlanta, Georgia, U.S", "origin": null, "top_cities": [["Atlanta", 11], ["Baltimore", 3], ["New York", 2], ["New York City", 1], ["Tampa", 1]], "is_rapper": true}
{"name": "Knowledge The Pirate", "title": "Reloaded (Roc Marciano album)", "birth_place": null, "origin": null, "top_cities": [], "is_rapper": true}
{"name": "Kodak Black", "title": "Kodak Black", "birth_place": "Pompano Beach, Florida, U.S", "origin": null, "top_cities": [["Pompano Beach", 7], ["Miami", 4], ["Broward County", 3], ["New York", 2], ["Fort Lauderdale", 1]], "is_rapper": true}
{"name": "Kokane", "title": "Kokane", "birth_place": "The Bronx, New York, U.S", "origin": "Pomona, California, U.S", "top_cities": [["New York City", 1], ["New York", 1], ["Bronx", 1], ["Los Angeles", 1]], "is_rapper": true}
{"name": "K-Trap", "title": "K-Trap", "birth_place": "Lambeth, London, England", "origin": "Gipsy Hill, London, England", "top_cities": [["London", 2]], "is_rapper": true}
{"name": "KXNG Crooked", "title": "Kxng Crooked", "birth_place": "Eastside, Long Beach, California, U.S", "origin": null, "top_cities": [["Long Beach", 3], ["Louisville", 1]], "is_rapper": true}
{"name": "Lantana", "title": "Speed Star (Lead song)", "birth_place": null, "origin": null, "top_cities": [], "is_rapper": false}
{"name": "La The Darkman", "title": "La the Darkman", "birth_place": "New York City, New York", "origin": "Brooklyn, New York", "top_cities": [["New York", 2], ["New York City", 1], ["Brooklyn", 1], ["Atlanta", 1]], "is_rapper": true}
{"name": "Leeky Bandz", "title": "22Gz", "birth_place": "Brooklyn, New York City, U.S", "origin": null, "top_cities": [["New York City", 3], ["New York", 3], ["Brooklyn", 3], ["London", 2], ["Miami", 1]], "is_rapper": true}
{"name": "Lil' Flip", "title": "Lil' Flip", "birth_place": "Cloverland, Houston, Texas, U.S", "origin": null, "top_cities": [["Houston", 4]], "is_rapper": true}
{"name": "Lil Jairmy", "title": "Lil Jairmy", "birth_place": "Baytown, Texas U.S", "origin": null, "top_cities": [["Houston", 1]], "is_rapper": true}
{"name": "Lil Wayne", "title": "Lil Wayne", "birth_place": "New Orleans, Louisiana, U.S", "origin": null, "top_cities": [["New Orleans", 8], ["London", 5], ["Los Angeles", 4], ["Houston", 3], ["New York City", 2]], "is_rapper": true}
{"name": "LOM Rudy", "title": "List of people who died in traffic collisions", "birth_place": null, "origin": null, "top_cities": [], "is_rapper": false}
{"name": "Loso Loaded", "title": "Pull Up wit ah Stick", "birth_place": null, "origin": null, "top_cities": [["Atlanta", 1]], "is_rapper": true}
{"name": "Master P", "title": "Master P", "birth_place": "New Orleans, Louisiana, U.S", "origin": null, "top_cities": [["New Orleans", 10], ["Atlanta", 2], ["Richmond", 2], ["New York", 1], ["Brooklyn", 1]], "is_rapper": true}
{"name": "Meek Mill", "title": "Meek Mill", "birth_place": "Philadelphia, Pennsylvania, U.S", "origin": null, "top_cities": [["Philadelphia", 19], ["New York", 6], ["New York City", 4], ["Atlanta", 4], ["St. Louis", 2]], "is_rapper": true}
{"name": "Meekz", "title": "Meekz", "birth_place": "Gorton, Manchester, England", "origin": "Harpurhey, Manchester, England", "top_cities": [["Manchester", 1]], "is_rapper": true}
{"name": "M Huncho", "title": "M Huncho", "birth_place": "London, England", "origin": null, "top_cities": [["London", 1]], "is_rapper": true}
{"name": "Migos", "title": "Migos", "birth_place": null, "origin": "Lawrenceville, Georgia, U.S", "top_cities": [["Atlanta", 4], ["Houston", 3], ["New York", 1]], "is_rapper": true}
{"name": "Money Gang", "title": "The Game (rapper)", "birth_place": "Compton, California, U.S", "origin": null, "top_cities": [["Los Angeles", 12], ["Compton", 5], ["New York", 2], ["Inglewood", 2], ["New York City", 1]], "is_rapper": true}
{"name": "Morrisson", "title": "Morrisson (rapper)", "birth_place": "Newham, London, England", "origin": null, "top_cities": [], "is_rapper": true}
{"name": "Nickoe", "title": "Geoff Collins (American football)", "birth_place": "Conyers, Georgia, U.S", "origin": null, "top_cities": [["Atlanta", 1]], "is_rapper": false}
{"name": "No Plug", "title": "Bankroll Fresh", "birth_place": "Atlanta, Georgia, U.S", "origin": null, "top_cities": [["Atlanta", 4]], "is_rapper": true}
{"name": "Nuk", "title": "Waddup", "birth_place": null, "origin": null, "top_cities": [["Chicago", 3]], "is_rapper": true}
{"name": "OJ da Juiceman", "title": "OJ da Juiceman", "birth_place": null, "origin": "Atlanta, Georgia, U.S", "top_cities": [["Atlanta", 4]], "is_rapper": true}
{"name": "O.T. Genasis", "title": "O. T. Genasis", "birth_place": "Long Beach, California, U.S", "origin": null, "top_cities": [["Los Angeles", 1], ["Long Beach", 1]], "is_rapper": true}
{"name": "Peezy", "title": "OMB Peezy", "birth_place": "Mobile, Alabama, U.S", "origin": "Sacramento, California, U.S", "top_cities": [["Sacramento", 2], ["Paris", 2]], "is_rapper": true}
{"name": "Peso Peso", "title": "Sauce Walka", "birth_place": null, "origin": "Houston, Texas, U.S", "top_cities": [["Houston", 5]], "is_rapper": true}
{"name": "Philthy Rich", "title": "Philthy Rich", "birth_place": "Seminary, East Oakland, Oakland, California, U.S", "origin": null, "top_cities": [["Oakland", 6], ["Houston", 1], ["Detroit", 1], ["San Francisco", 1], ["Sacramento", 1]], "is_rapper": true}
{"name": "Pimp C", "title": "Pimp C", "birth_place": "Crowley, Louisiana, U.S", "origin": "Port Arthur, Texas, U.S", "top_cities": [["Port Arthur", 4], ["Houston", 2]], "is_rapper": true}
{"name": "Pimp Daddy", "title": "The Polyfuze Method", "birth_place": null, "origin": null, "top_cities": [["Detroit", 1]], "is_rapper": false}
{"name": "Poody Gordy", "title": "2020 in hip-hop", "birth_place": null, "origin": null, "top_cities": [["Chicago", 4], ["Miami", 2], ["New York", 1], ["Atlanta", 1], ["Orlando", 1]], "is_rapper": true}
{"name": "Pooh-Man", "title": "Pooh-Man", "birth_place": null, "origin": "Oakland, California, U.S", "top_cities": [], "is_rapper": true}
{"name": "Pusha T", "title": "Pusha T", "birth_place": "New York City, U.S", "origin": "Virginia Beach, Virginia, U.S", "top_cities": [["New York City", 3], ["New York", 3], ["Chicago", 3], ["Virginia Beach", 2], ["Queens", 1]], "is_rapper": true}
{"name": "Raekwon", "title": "Raekwon", "birth_place": "Brooklyn, New York City, U.S", "origin": "Staten Island, New York City, U.S", "top_cities": [["Staten Island", 3], ["Brooklyn", 2], ["New York City", 1], ["New York", 1], ["Miami", 1]], "is_rapper": true}
{"name": "Real Boston Richey", "title": "Real Boston Richey", "birth_place": "Tallahassee, Florida, U.S", "origin": null, "top_cities": [["Boston", 2], ["Tallahassee", 1]], "is_rapper": true}
{"name": "ŘezníkBun B", "title": "Beat Bobby Flay", "birth_place": null, "origin": null, "top_cities": [], "is_rapper": false}
{"name": "Rick Ross", "title": "Rick Ross", "birth_place": "Clarksdale, Mississippi, U.S", "origin": "Miami-Dade County, Florida, U.S", "top_cities": [["Miami", 12], ["Carol City", 3], ["Los Angeles", 2], ["New York", 1], ["Fort Lauderdale", 1]], "is_rapper": true}
{"name": "Roc Marciano", "title": "Roc Marciano", "birth_place": "Hempstead, New York, U.S", "origin": null, "top_cities": [["New York", 1], ["Carson", 1]], "is_rapper": true}
{"name": "Rome Streetz", "title": "Rome Streetz", "birth_place": "London, United Kingdom", "origin": "Queens, New York, US", "top_cities": [["London", 2], ["New York", 1], ["Queens", 1]], "is_rapper": true}
{"name": "Ronin Gray", "title": "Dr. Dre", "birth_place": "Compton, California, U.S", "origin": null, "top_cities": [["Compton", 26], ["Los Angeles", 12], ["New York", 6], ["Detroit", 3], ["Pittsburgh", 2]], "is_rapper": true}
{"name": "SBOE", "title": "Lee on the Beats", "birth_place": null, "origin": "Queens, New York, United States", "top_cities": [["New York", 2], ["Queens", 1]], "is_rapper": true}
{"name": "Silkk the Shocker", "title": "Silkk the Shocker", "birth_place": "New Orleans, Louisiana, U.S", "origin": null, "top_cities": [["Orlando", 1], ["New Orleans", 1]], "is_rapper": true}
{"name": "sKitz Kraven", "title": "Gathering of the Juggalos", "birth_place": null, "origin": null, "top_cities": [["Paris", 2], ["Brooklyn", 1]], "is_rapper": false}
{"name": "Slim", "title": "Eminem", "birth_place": "St. Joseph, Missouri, U.S", "origin": "Detroit, Michigan, U.S", "top_cities": [["Detroit", 19], ["New York", 4], ["New York City", 2], ["Atlanta", 2], ["Chicago", 2]], "is_rapper": true}
{"name": "SpaceGhostPurrp", "title": "SpaceGhostPurrp", "birth_place": null, "origin": null, "top_cities": [["Miami", 11], ["Carol City", 7], ["New York", 4], ["London", 4], ["Atlanta", 2]], "is_rapper": true}
{"name": "Stack Bundles", "title": "Hustler's P.O.M.E. (Product of My Environment)", "birth_place": null, "origin": null, "top_cities": [], "is_rapper": true}
{"name": "Street Certified", "title": "Lil' Cease", "birth_place": "Brooklyn, New York City, U.S", "origin": null, "top_cities": [["New York City", 1], ["New York", 1], ["Brooklyn", 1]], "is_rapper": true}
{"name": "Struggle Mike", "title": "Madchild", "birth_place": "Surrey, British Columbia, Canada", "origin": "Vancouver, British Columbia, Canada", "top_cities": [["Vancouver", 2], ["Carson", 1], ["San Francisco", 1], ["San Diego", 1]], "is_rapper": true}
{"name": "SupaWassi", "title": null}
{"name": "Tee Grizzley", "title": "Tee Grizzley", "birth_place": "Detroit, Michigan, U.S", "origin": null, "top_cities": [["Detroit", 4]], "is_rapper": true}
{"name": "The Notorious B.I.G.", "title": "The Notorious B.I.G.", "birth_place": "New York City, U.S", "origin": null, "top_cities": [["New York", 12], ["Brooklyn", 9], ["Los Angeles", 7], ["New York City", 3], ["Manhattan", 2]], "is_rapper": true}
{"name": "Tracy T", "title": "Maybach Music Group", "birth_place": null, "origin": null, "top_cities": [["New York", 1], ["Philadelphia", 1]], "is_rapper": true}
{"name": "TREY CHOPS", "title": "Drake (musician)", "birth_place": "Toronto, Ontario, Canada", "origin": null, "top_cities": [["Toronto", 26], ["New York", 6], ["Memphis", 3], ["New York City", 2], ["Miami", 2]], "is_rapper": true}
{"name": "TRU", "title": "C-Murder", "birth_place": "New Orleans, Louisiana, U.S", "origin": null, "top_cities": [["New Orleans", 3], ["Baton Rouge", 1]], "is_rapper": true}
{"name": "Tye Henney", "title": "List of X-Men film series cast members", "birth_place": null, "origin": null, "top_cities": [["Phoenix", 1]], "is_rapper": false}
{"name": "Tyno Got It", "title": "List of unsolved murders in the United Kingdom (2000s)", "birth_place": null, "origin": null, "top_cities": [], "is_rapper": false}
{"name": "Veeze", "title": "Veeze", "birth_place": "Detroit, Michigan, U.S", "origin": null, "top_cities": [["Detroit", 6]], "is_rapper": true}
{"name": "Waka Flocka Flame", "title": "Waka Flocka Flame", "birth_place": "New York City, U.S", "origin": "Riverdale, Georgia, U.S", "top_cities": [["Atlanta", 6], ["New York City", 1], ["New York", 1], ["Queens", 1], ["Chicago", 1]], "is_rapper": true}
{"name": "Wale", "title": "Wale (rapper)", "birth_place": "Washington, D.C., U.S", "origin": null, "top_cities": [["New York", 3], ["New York City", 2], ["Manhattan", 1], ["Philadelphia", 1], ["Atlanta", 1]], "is_rapper": true}
{"name": "Webbo", "title": "Dej Loaf", "birth_place": "Detroit, Michigan, U.S", "origin": null, "top_cities": [["Detroit", 5]], "is_rapper": true}
{"name": "Westside Gunn", "title": "Westside Gunn", "birth_place": "Buffalo, New York, U.S", "origin": null, "top_cities": [["Paris", 4], ["Buffalo", 3], ["New York", 2]], "is_rapper": true}
{"name": "Why G", "title": "Freeway (rapper)", "birth_place": "North Philadelphia, Pennsylvania, U.S", "origin": null, "top_cities": [["Philadelphia", 15], ["Memphis", 1], ["Chicago", 1]], "is_rapper": true}
{"name": "Wiley", "title": "Spaceship (Kanye West song)", "birth_place": null, "origin": null, "top_cities": [], "is_rapper": true}
{"name": "YN Jay", "title": "YN Jay", "birth_place": "Flint, Michigan, U.S", "origin": "Mount Morris Township, Michigan, U.S", "top_cities": [["Detroit", 1]], "is_rapper": true}
{"name": "Yo Gotti", "title": "Yo Gotti", "birth_place": "Memphis, Tennessee, U.S", "origin": null, "top_cities": [["Memphis", 5]], "is_rapper": true}
{"name": "Young Jeezy", "title": "Jeezy", "birth_place": "Columbia, South Carolina, U.S", "origin": "Atlanta, Georgia, U.S", "top_cities": [["Atlanta", 2], ["Miami", 1]], "is_rapper": true}
{"name": "YOUNG JR", "title": "Back by Thug Demand", "birth_place": null, "origin": null, "top_cities": [["Miami", 2], ["Atlanta", 1]], "is_rapper": true}
{"name": "Young Nudy", "title": "Young Nudy", "birth_place": "Atlanta, Georgia, U.S", "origin": null, "top_cities": [["Atlanta", 5]], "is_rapper": true}
{"name": "Young Scooter", "title": "Young Scooter", "birth_place": "Walterboro, South Carolina, U.S", "origin": "Atlanta, Georgia, U.S", "top_cities": [["Atlanta", 8], ["Decatur", 1]], "is_rapper": true}
{"name": "Young Shiners", "title": "Aasis Beats", "birth_place": "Kathmandu, Nepal", "origin": null, "top_cities": [], "is_rapper": true}
